
> danyowa-app@1.0.0 build
> vite build

Build Mode: production
API Key detected: No
[36mvite v5.4.21 [32mbuilding for production...[36m[39m
transforming...
[32m??[39m 1496 modules transformed.
